Thanh The@ALIENWARE MINGW64 ~ (master)
$ git config --global user.name "itsieuga1992"

Thanh The@ALIENWARE MINGW64 ~ (master)
$ git config --global user.email "itsieuga1992@gmail.com"

Thanh The@ALIENWARE MINGW64 ~ (master)
$ cd G:

Thanh The@ALIENWARE MINGW64 /g
$ cd CCPTPM/

Thanh The@ALIENWARE MINGW64 /g/CCPTPM
$ git clone https://github.com/itsieuga1992/congcuphanmem.git
Cloning into 'congcuphanmem'...
warning: You appear to have cloned an empty repository.

Thanh The@ALIENWARE MINGW64 /g/CCPTPM
$ cd congcuphanmem/

Thanh The@ALIENWARE MINGW64 /g/CCPTPM/congcuphanmem (master)
$ git add filetest.txt

Thanh The@ALIENWARE MINGW64 /g/CCPTPM/congcuphanmem (master)
$ git status
On branch master

Initial commit

Changes to be committed:
  (use "git rm --cached <file>..." to unstage)

        new file:   filetest.txt


Thanh The@ALIENWARE MINGW64 /g/CCPTPM/congcuphanmem (master)
$ git commit -m "new update file"
[master (root-commit) 6931c78] new update file
 1 file changed, 1 insertion(+)
 create mode 100644 filetest.txt

Thanh The@ALIENWARE MINGW64 /g/CCPTPM/congcuphanmem (master)
$ git status
On branch master
Your branch is based on 'origin/master', but the upstream is gone.
  (use "git branch --unset-upstream" to fixup)
nothing to commit, working tree clean

Thanh The@ALIENWARE MINGW64 /g/CCPTPM/congcuphanmem (master)
$ git push
Counting objects: 3, done.
Writing objects: 100% (3/3), 226 bytes | 0 bytes/s, done.
Total 3 (delta 0), reused 0 (delta 0)
To https://github.com/itsieuga1992/congcuphanmem.git
 * [new branch]      master -> master

Thanh The@ALIENWARE MINGW64 /g/CCPTPM/congcuphanmem (master)
$ git branch thanhthe

Thanh The@ALIENWARE MINGW64 /g/CCPTPM/congcuphanmem (master)
$ git checkout thanhthe
Switched to branch 'thanhthe'

Thanh The@ALIENWARE MINGW64 /g/CCPTPM/congcuphanmem (thanhthe)
$ git branch -d thanhthe
error: Cannot delete branch 'thanhthe' checked out at 'G:/CCPTPM/congcuphanmem'

Thanh The@ALIENWARE MINGW64 /g/CCPTPM/congcuphanmem (thanhthe)
$ git branch -d master
Deleted branch master (was 6931c78).

Thanh The@ALIENWARE MINGW64 /g/CCPTPM/congcuphanmem (thanhthe)
$ git pull
There is no tracking information for the current branch.
Please specify which branch you want to merge with.
See git-pull(1) for details.

    git pull <remote> <branch>

If you wish to set tracking information for this branch you can do so with:

    git branch --set-upstream-to=origin/<branch> thanhthe


Thanh The@ALIENWARE MINGW64 /g/CCPTPM/congcuphanmem (thanhthe)
$ git pull thanhthe
fatal: 'thanhthe' does not appear to be a git repository
fatal: Could not read from remote repository.

Please make sure you have the correct access rights
and the repository exists.

Thanh The@ALIENWARE MINGW64 /g/CCPTPM/congcuphanmem (thanhthe)
$ git checkout master
Branch master set up to track remote branch master from origin.
Switched to a new branch 'master'

Thanh The@ALIENWARE MINGW64 /g/CCPTPM/congcuphanmem (master)
$ git pull master
fatal: 'master' does not appear to be a git repository
fatal: Could not read from remote repository.

Please make sure you have the correct access rights
and the repository exists.

Thanh The@ALIENWARE MINGW64 /g/CCPTPM/congcuphanmem (master)
$ git pull master
fatal: 'master' does not appear to be a git repository
fatal: Could not read from remote repository.

Please make sure you have the correct access rights
and the repository exists.

Thanh The@ALIENWARE MINGW64 /g/CCPTPM/congcuphanmem (master)
$ git pullgit pull
git: 'pullgit' is not a git command. See 'git --help'.

Thanh The@ALIENWARE MINGW64 /g/CCPTPM/congcuphanmem (master)
$ git pull
Already up-to-date.

Thanh The@ALIENWARE MINGW64 /g/CCPTPM/congcuphanmem (master)
$ git merge thanhthe
Already up-to-date.

Thanh The@ALIENWARE MINGW64 /g/CCPTPM/congcuphanmem (master)
$  git log
commit 6931c78969e2e60c6c552f6e72f7c0e71bb8ca2c
Author: itsieuga1992 <itsieuga1992@gmail.com>
Date:   Thu Dec 1 19:09:43 2016 +0700

    new update file

Thanh The@ALIENWARE MINGW64 /g/CCPTPM/congcuphanmem (master)
$ git diff master nhanhmoi
fatal: ambiguous argument 'nhanhmoi': unknown revision or path not in the working tree.
Use '--' to separate paths from revisions, like this:
'git <command> [<revision>...] -- [<file>...]'

Thanh The@ALIENWARE MINGW64 /g/CCPTPM/congcuphanmem (master)
$ git diff master thanhthe

Thanh The@ALIENWARE MINGW64 /g/CCPTPM/congcuphanmem (master)
$ git pull new\ 1.txt
fatal: Invalid gitfile format: new 1.txt
fatal: Could not read from remote repository.

Please make sure you have the correct access rights
and the repository exists.

Thanh The@ALIENWARE MINGW64 /g/CCPTPM/congcuphanmem (master)
$ git pull new1.txt
fatal: Invalid gitfile format: new1.txt
fatal: Could not read from remote repository.

Please make sure you have the correct access rights
and the repository exists.

Thanh The@ALIENWARE MINGW64 /g/CCPTPM/congcuphanmem (master)
$ git add new1.txt

Thanh The@ALIENWARE MINGW64 /g/CCPTPM/congcuphanmem (master)
$ git pull filetest.txt
fatal: Invalid gitfile format: filetest.txt
fatal: Could not read from remote repository.

Please make sure you have the correct access rights
and the repository exists.

Thanh The@ALIENWARE MINGW64 /g/CCPTPM/congcuphanmem (master)
$ git pull
Already up-to-date.

Thanh The@ALIENWARE MINGW64 /g/CCPTPM/congcuphanmem (master)
$ git pull origin thanhthe
fatal: Couldn't find remote ref thanhthe

Thanh The@ALIENWARE MINGW64 /g/CCPTPM/congcuphanmem (master)
$ git pull origin master
From https://github.com/itsieuga1992/congcuphanmem
 * branch            master     -> FETCH_HEAD
Already up-to-date.

Thanh The@ALIENWARE MINGW64 /g/CCPTPM/congcuphanmem (master)
$ git checkout -b thent
A       new1.txt
Switched to a new branch 'thent'

Thanh The@ALIENWARE MINGW64 /g/CCPTPM/congcuphanmem (thent)
$ git push origin thent
Total 0 (delta 0), reused 0 (delta 0)
To https://github.com/itsieuga1992/congcuphanmem.git
 * [new branch]      thent -> thent

Thanh The@ALIENWARE MINGW64 /g/CCPTPM/congcuphanmem (thent)
$ ^C

Thanh The@ALIENWARE MINGW64 /g/CCPTPM/congcuphanmem (thent)
$ ^C

Thanh The@ALIENWARE MINGW64 /g/CCPTPM/congcuphanmem (thent)
$
Thanh The@ALIENWARE MINGW64 /g/CCPTPM/congcuphanmem (thent)
$ git add new1.txt

Thanh The@ALIENWARE MINGW64 /g/CCPTPM/congcuphanmem (thent)
$ git commit -m "add new"
[thent 0f84f84] add new
 1 file changed, 202 insertions(+)
 create mode 100644 new1.txt

Thanh The@ALIENWARE MINGW64 /g/CCPTPM/congcuphanmem (thent)
$ git push origin thent
Counting objects: 3, done.
Delta compression using up to 8 threads.
Compressing objects: 100% (3/3), done.
Writing objects: 100% (3/3), 1.63 KiB | 0 bytes/s, done.
Total 3 (delta 0), reused 0 (delta 0)
To https://github.com/itsieuga1992/congcuphanmem.git
   6931c78..0f84f84  thent -> thent

Thanh The@ALIENWARE MINGW64 /g/CCPTPM/congcuphanmem (thent)
$ git checkout master
Switched to branch 'master'
Your branch is up-to-date with 'origin/master'.
 Linh oi